/**Дата создания заявки*/
         createdDate : Date;

    /**Код*/
         code : string;

    /**Название*/
             name : string;