curriculumFlowId: string, specialityCode: string, profileId: string