        
        Id = ,

        
        SpecialityCode = ,

        
        ProfileId = ,

        
        Profile = ,

        
        CurriculumPlanId = ,

        
        CurriculumPlan = ,

        
        CurriculumPlanVersionId = ,

        
        CurriculumPlanVersion = ,

        
        Active = ,